exports[`test FooterIndex renders correctly 1`] = `
<footer
  className="footer">
  <div
    className="footer-logo">
    <a
      href="https://epa.gov"
      target="_blank">
      <img
        alt="EPA_Seal"
        src="test-file-stub" />
    </a>
  </div>
  <ul
    className="footer-follow-links">
    <li>
      <a
        href="https://www.youtube.com/user/USEPAgov"
        target="_blank">
        <img
          alt="socmed_youtube"
          src="test-file-stub" />
      </a>
    </li>
    <li>
      <a
        href="https://www.facebook.com/EPAresearch/"
        target="_blank">
        <img
          alt="socmed_facebook"
          src="test-file-stub" />
      </a>
    </li>
    <li>
      <a
        href="https://www.twitter.com/epa"
        target="_blank">
        <img
          alt="socmed_twitter"
          src="test-file-stub" />
      </a>
    </li>
    <li>
      <a
        href="https://blog.epa.gov/blog/tag/chemical-research/"
        target="_blank">
        <img
          alt="socmed_blog"
          src="test-file-stub" />
      </a>
    </li>
    <li>
      <a
        href="https://www.epa.gov/newsreleases/search/rss/subject/research"
        target="_blank">
        <img
          alt="socmed_news"
          src="test-file-stub" />
      </a>
    </li>
  </ul>
  <ul
    className="footer-links">
    <li>
      <div>
        <a
          href="/">
          Home
        </a>
      </div>
    </li>
    <li>
      <div>
        <a
          href="https://epa.gov/comptox"
          target="_blank">
          About Us
        </a>
      </div>
    </li>
    <li>
      <div>
        <a
          href="#PrivacySecurityNotice">
          Privacy and Security Notice
        </a>
      </div>
    </li>
    <li>
      <div>
        <a
          href="#Accesibility">
          Accessibility
        </a>
      </div>
    </li>
    <li>
      <p
        style={
          Object {
            "fontSize": "small",
          }
        }>
        Last Updated on 
        03/29/2017 11:28:23
      </p>
    </li>
  </ul>
</footer>
`;
