exports[`test <PublicationItem /> renders correctly 1`] = `
<div
  className="publication-item">
  <div
    className="row">
    <div
      className="col-md-9">
      <div
        className="publication-item-citation">
        <div>
          <span
            dangerouslySetInnerHTML={
              Object {
                "__html": "Allard, P., Kleinstreuer, N. C., <a href=\"http://comptox.ag.epa.gov/impact/scientists/20\">Knudsen, T. B.</a>, &amp; Colaiacovo, M. P. (2013). A C. elegans screening platform for the rapid assessment of chemical disruption of germline function. Environ Health Perspect, 121(6), 717-724.",
              }
            } />
          <span>
            <a
              href="https://doi.org/10.1289/ehp.1206301"
              target="_blank">
               doi:
              10.1289/ehp.1206301
            </a>
          </span>
        </div>
      </div>
      <div
        className="publication-item-no-show-counts">
        <div
          className="publication-item-inline-metric">
          <span
            className="glyphicon glyphicon-glyphicon glyphicon-eye-open" />
           
          <strong>
            Abstract Views
          </strong>
           
          <span
            className="badge">
            N/A
          </span>
          <div
            className="divider" />
          <span
            className="glyphicon glyphicon-glyphicon glyphicon-book" />
           
          <strong>
            Citations
          </strong>
           
          <span
            className="badge">
            N/A
          </span>
          <div
            className="divider" />
          <span
            className="glyphicon glyphicon-glyphicon glyphicon-download-alt" />
           
          <strong>
            Downloads
          </strong>
           
          <span
            className="badge">
            N/A
          </span>
        </div>
      </div>
    </div>
    <div
      className="col-md-0">
      <div
        className="publication-item-hide-project">
        <div
          dangerouslySetInnerHTML={
            Object {
              "__html": undefined,
            }
          } />
      </div>
    </div>
    <div
      className="col-md-1">
      <div
        className="publication-item-button "
        id="altmetric-publication-item-pub-item-1">
        <div
          className="altmetric-embed"
          data-badge-popover="left"
          data-badge-type="donut"
          data-doi="10.1289/ehp.1206301"
          data-link-target="_blank" />
      </div>
    </div>
    <div
      className="col-md-1">
      <div
        className="publication-item-button "
        id="plumx-publication-item-pub-item-1">
        <a
          className="plumx-plum-print-popup"
          data-hide-when-empty="false"
          data-popup="top"
          data-size="medium"
          href="https://plu.mx/plum/a/?doi=10.1289/ehp.1206301"
          target="_blank" />
      </div>
    </div>
    <div
      className="col-md-1">
      <div
        className="publication-item-button ">
        <a
          href="https://www.growkudos.com/publications/10.1289%252Fehp.1206301"
          target="_blank">
          <img
            alt="Grow Kudos"
            src="test-file-stub" />
        </a>
      </div>
    </div>
  </div>
</div>
`;
